mode: set
quant-desktop/internal/bindings/health.go:26.45,27.12 1 0
quant-desktop/internal/bindings/health.go:27.12,33.7 4 0
quant-desktop/internal/bindings/health.go:33.7,34.11 1 0
quant-desktop/internal/bindings/health.go:35.20,36.23 1 0
quant-desktop/internal/bindings/health.go:37.24,39.11 2 0
quant-desktop/internal/bindings/health.go:48.41,53.21 5 1
quant-desktop/internal/bindings/health.go:53.21,57.3 3 1
quant-desktop/internal/bindings/health.go:58.2,59.17 2 1
quant-desktop/internal/bindings/health.go:59.17,62.3 1 1
quant-desktop/internal/bindings/health.go:63.2,69.29 3 1
quant-desktop/internal/bindings/health.go:69.29,74.3 4 1
quant-desktop/internal/bindings/health.go:77.2,77.39 1 1
quant-desktop/internal/bindings/health.go:77.39,79.41 2 0
quant-desktop/internal/bindings/health.go:79.41,84.4 3 0
quant-desktop/internal/bindings/health.go:88.2,88.27 1 1
quant-desktop/internal/bindings/health.go:88.27,92.3 3 1
quant-desktop/internal/bindings/health.go:95.2,95.28 1 1
quant-desktop/internal/bindings/health.go:95.28,97.3 1 1
quant-desktop/internal/bindings/health.go:102.40,106.21 2 1
quant-desktop/internal/bindings/health.go:106.21,108.3 1 1
quant-desktop/internal/bindings/health.go:109.2,119.56 7 1
quant-desktop/internal/bindings/health.go:125.62,126.17 1 1
quant-desktop/internal/bindings/health.go:126.17,128.3 1 0
quant-desktop/internal/bindings/health.go:129.2,134.4 1 1
quant-desktop/internal/bindings/positions_view.go:50.71,52.16 2 1
quant-desktop/internal/bindings/positions_view.go:52.16,54.3 1 0
quant-desktop/internal/bindings/positions_view.go:55.2,55.25 1 1
quant-desktop/internal/bindings/positions_view.go:55.25,57.3 1 1
quant-desktop/internal/bindings/positions_view.go:60.2,61.27 2 1
quant-desktop/internal/bindings/positions_view.go:61.27,63.3 1 1
quant-desktop/internal/bindings/positions_view.go:64.2,65.16 2 1
quant-desktop/internal/bindings/positions_view.go:65.16,67.3 1 0
quant-desktop/internal/bindings/positions_view.go:68.2,69.24 2 1
quant-desktop/internal/bindings/positions_view.go:69.24,71.3 1 1
quant-desktop/internal/bindings/positions_view.go:73.2,74.27 2 1
quant-desktop/internal/bindings/positions_view.go:74.27,95.15 4 1
quant-desktop/internal/bindings/positions_view.go:95.15,97.4 1 0
quant-desktop/internal/bindings/positions_view.go:98.3,101.60 2 1
quant-desktop/internal/bindings/positions_view.go:101.60,104.25 3 0
quant-desktop/internal/bindings/positions_view.go:104.25,106.5 1 0
quant-desktop/internal/bindings/positions_view.go:107.4,108.20 2 0
quant-desktop/internal/bindings/positions_view.go:108.20,110.5 1 0
quant-desktop/internal/bindings/positions_view.go:113.3,116.31 4 1
quant-desktop/internal/bindings/positions_view.go:118.2,118.21 1 1
quant-desktop/internal/bindings/positions_view.go:128.76,129.22 1 1
quant-desktop/internal/bindings/positions_view.go:129.22,131.3 1 1
quant-desktop/internal/bindings/positions_view.go:132.2,133.24 2 1
quant-desktop/internal/bindings/positions_view.go:133.24,134.27 1 1
quant-desktop/internal/bindings/positions_view.go:135.31,136.17 1 1
quant-desktop/internal/bindings/positions_view.go:137.43,138.21 1 1
quant-desktop/internal/bindings/positions_view.go:139.34,140.20 1 1
quant-desktop/internal/bindings/positions_view.go:141.64,142.22 1 1
quant-desktop/internal/bindings/positions_view.go:145.2,145.9 1 1
quant-desktop/internal/bindings/positions_view.go:146.18,147.44 1 1
quant-desktop/internal/bindings/positions_view.go:148.14,149.23 1 1
quant-desktop/internal/bindings/positions_view.go:149.23,151.4 1 1
quant-desktop/internal/bindings/positions_view.go:152.3,152.32 1 1
quant-desktop/internal/bindings/positions_view.go:153.17,154.35 1 1
quant-desktop/internal/bindings/positions_view.go:155.19,156.37 1 1
quant-desktop/internal/bindings/positions_view.go:157.10,158.16 1 1
quant-desktop/internal/bindings/positions_view.go:167.57,169.24 2 1
quant-desktop/internal/bindings/positions_view.go:169.24,182.3 2 1
quant-desktop/internal/bindings/positions_view.go:183.2,183.15 1 1
quant-desktop/internal/bindings/service.go:42.38,47.2 1 1
quant-desktop/internal/bindings/service.go:51.53,53.2 1 0
quant-desktop/internal/bindings/service.go:58.69,59.18 1 0
quant-desktop/internal/bindings/service.go:59.18,61.3 1 0
quant-desktop/internal/bindings/service.go:62.2,68.4 1 0
quant-desktop/internal/bindings/service.go:72.37,76.16 3 0
quant-desktop/internal/bindings/service.go:76.16,78.3 1 0
quant-desktop/internal/bindings/service.go:79.2,84.16 4 0
quant-desktop/internal/bindings/service.go:84.16,86.3 1 0
quant-desktop/internal/bindings/service.go:86.8,89.39 3 0
quant-desktop/internal/bindings/service.go:89.39,91.4 1 0
quant-desktop/internal/bindings/service.go:95.2,95.74 1 0
quant-desktop/internal/bindings/service.go:95.74,96.21 1 0
quant-desktop/internal/bindings/service.go:96.21,100.4 3 0
quant-desktop/internal/bindings/service.go:104.2,118.12 7 0
quant-desktop/internal/bindings/service.go:127.78,131.15 3 1
quant-desktop/internal/bindings/service.go:131.15,133.3 1 1
quant-desktop/internal/bindings/service.go:134.2,134.44 1 1
quant-desktop/internal/bindings/service.go:134.44,136.3 1 0
quant-desktop/internal/bindings/service.go:138.2,144.17 5 1
quant-desktop/internal/bindings/service.go:144.17,145.18 1 1
quant-desktop/internal/bindings/service.go:145.18,147.4 1 1
quant-desktop/internal/bindings/service.go:148.3,150.17 3 1
quant-desktop/internal/bindings/service.go:150.17,153.4 2 0
quant-desktop/internal/bindings/service.go:154.3,157.57 3 1
quant-desktop/internal/bindings/service.go:161.2,161.37 1 1
quant-desktop/internal/bindings/service.go:161.37,162.71 1 1
quant-desktop/internal/bindings/service.go:162.71,164.4 1 0
quant-desktop/internal/bindings/service.go:168.2,180.37 5 1
quant-desktop/internal/bindings/service.go:187.75,191.20 2 0
quant-desktop/internal/bindings/service.go:191.20,193.17 2 0
quant-desktop/internal/bindings/service.go:193.17,196.4 2 0
quant-desktop/internal/bindings/service.go:197.3,197.69 1 0
quant-desktop/internal/bindings/service.go:201.2,203.16 3 0
quant-desktop/internal/bindings/service.go:203.16,206.3 2 0
quant-desktop/internal/bindings/service.go:207.2,210.16 3 0
quant-desktop/internal/bindings/service.go:210.16,213.3 2 0
quant-desktop/internal/bindings/service.go:214.2,214.68 1 0
quant-desktop/internal/bindings/service.go:221.72,225.15 3 1
quant-desktop/internal/bindings/service.go:225.15,227.3 1 1
quant-desktop/internal/bindings/service.go:229.2,233.60 3 1
quant-desktop/internal/bindings/service.go:233.60,236.3 2 0
quant-desktop/internal/bindings/service.go:239.2,241.31 2 1
quant-desktop/internal/bindings/service.go:241.31,244.3 2 1
quant-desktop/internal/bindings/service.go:245.2,246.47 2 1
quant-desktop/internal/bindings/service.go:251.64,258.2 3 1
quant-desktop/internal/bindings/service.go:261.41,265.2 3 1
quant-desktop/internal/bindings/service.go:268.47,272.15 3 1
quant-desktop/internal/bindings/service.go:272.15,274.3 1 1
quant-desktop/internal/bindings/service.go:277.2,291.29 6 1
quant-desktop/internal/bindings/service.go:295.46,299.16 3 1
quant-desktop/internal/bindings/service.go:299.16,301.3 1 1
quant-desktop/internal/bindings/service.go:303.2,303.21 1 1
quant-desktop/internal/bindings/service.go:303.21,305.3 1 1
quant-desktop/internal/bindings/service.go:307.2,315.29 3 1
quant-desktop/internal/bindings/service.go:319.67,324.21 4 1
quant-desktop/internal/bindings/service.go:324.21,326.3 1 1
quant-desktop/internal/bindings/service.go:327.2,333.15 3 1
quant-desktop/internal/bindings/service.go:339.66,352.21 7 1
quant-desktop/internal/bindings/service.go:352.21,356.19 4 1
quant-desktop/internal/bindings/service.go:356.19,359.4 2 1
quant-desktop/internal/bindings/service.go:361.2,373.16 11 1
quant-desktop/internal/bindings/service.go:373.16,375.3 1 0
quant-desktop/internal/bindings/service.go:376.2,381.16 4 1
quant-desktop/internal/bindings/service.go:381.16,384.3 2 0
quant-desktop/internal/bindings/service.go:384.8,386.3 1 1
quant-desktop/internal/bindings/service.go:389.2,393.17 4 1
quant-desktop/internal/bindings/service.go:393.17,399.4 5 0
quant-desktop/internal/bindings/service.go:399.9,404.4 4 1
quant-desktop/internal/bindings/service.go:407.2,407.13 1 1
quant-desktop/internal/bindings/service.go:413.82,415.2 1 1
quant-desktop/internal/bindings/service.go:418.59,422.2 3 1
quant-desktop/internal/bindings/service.go:427.69,431.15 3 1
quant-desktop/internal/bindings/service.go:431.15,433.3 1 1
quant-desktop/internal/bindings/service.go:435.2,436.26 2 1
quant-desktop/internal/bindings/service.go:440.67,442.2 1 1
quant-desktop/internal/bindings/service.go:445.71,446.16 1 1
quant-desktop/internal/bindings/service.go:446.16,448.3 1 0
quant-desktop/internal/bindings/service.go:449.2,449.34 1 1
quant-desktop/internal/bindings/service.go:455.80,457.2 1 1
quant-desktop/internal/bindings/service.go:463.95,465.2 1 1
quant-desktop/internal/bindings/service.go:470.58,473.16 2 1
quant-desktop/internal/bindings/service.go:473.16,475.3 1 0
quant-desktop/internal/bindings/service.go:477.2,478.24 2 1
quant-desktop/internal/bindings/service.go:478.24,479.30 1 0
quant-desktop/internal/bindings/service.go:479.30,481.9 2 0
quant-desktop/internal/bindings/service.go:484.2,484.19 1 1
quant-desktop/internal/bindings/service.go:484.19,486.3 1 1
quant-desktop/internal/bindings/service.go:489.2,489.91 1 0
quant-desktop/internal/bindings/service.go:489.91,491.3 1 0
quant-desktop/internal/bindings/service.go:494.2,505.26 3 0
quant-desktop/internal/bindings/service.go:510.68,511.23 1 1
quant-desktop/internal/bindings/service.go:511.23,517.3 1 0
quant-desktop/internal/bindings/service.go:518.2,518.35 1 1
quant-desktop/internal/bindings/service.go:524.31,526.2 1 0
quant-desktop/internal/bindings/service.go:529.35,530.21 1 1
quant-desktop/internal/bindings/service.go:530.21,532.3 1 1
quant-desktop/internal/bindings/service.go:533.2,533.21 1 1
quant-desktop/internal/bindings/service.go:533.21,535.3 1 0
quant-desktop/internal/bindings/service.go:536.2,536.17 1 1
quant-desktop/internal/bindings/service.go:536.17,538.3 1 1
quant-desktop/internal/bindings/service.go:539.2,539.17 1 1
quant-desktop/internal/bindings/service.go:539.17,542.3 2 1
quant-desktop/internal/bindings/trades_view.go:27.86,29.16 2 0
quant-desktop/internal/bindings/trades_view.go:29.16,31.3 1 0
quant-desktop/internal/bindings/trades_view.go:33.2,34.27 2 0
quant-desktop/internal/bindings/trades_view.go:34.27,50.27 3 0
quant-desktop/internal/bindings/trades_view.go:50.27,52.4 1 0
quant-desktop/internal/bindings/trades_view.go:55.3,56.15 2 0
quant-desktop/internal/bindings/trades_view.go:56.15,58.4 1 0
quant-desktop/internal/bindings/trades_view.go:59.3,60.17 2 0
quant-desktop/internal/bindings/trades_view.go:60.17,62.4 1 0
quant-desktop/internal/bindings/trades_view.go:64.3,64.31 1 0
quant-desktop/internal/bindings/trades_view.go:66.2,66.21 1 0
quant-desktop/internal/order/manager.go:36.66,43.2 1 1
quant-desktop/internal/order/manager.go:63.113,66.16 2 1
quant-desktop/internal/order/manager.go:66.16,68.3 1 0
quant-desktop/internal/order/manager.go:69.2,69.35 1 1
quant-desktop/internal/order/manager.go:69.35,70.91 1 1
quant-desktop/internal/order/manager.go:70.91,73.4 2 1
quant-desktop/internal/order/manager.go:77.2,78.25 2 1
quant-desktop/internal/order/manager.go:78.25,80.3 1 0
quant-desktop/internal/order/manager.go:80.8,82.3 1 1
quant-desktop/internal/order/manager.go:83.2,84.45 2 1
quant-desktop/internal/order/manager.go:84.45,88.3 3 1
quant-desktop/internal/order/manager.go:89.2,89.16 1 1
quant-desktop/internal/order/manager.go:89.16,93.3 3 0
quant-desktop/internal/order/manager.go:96.2,98.25 3 1
quant-desktop/internal/order/manager.go:98.25,100.3 1 0
quant-desktop/internal/order/manager.go:101.2,115.16 3 1
quant-desktop/internal/order/manager.go:115.16,117.3 1 0
quant-desktop/internal/order/manager.go:120.2,133.25 5 1
quant-desktop/internal/order/manager.go:133.25,135.3 1 0
quant-desktop/internal/order/manager.go:135.8,137.3 1 1
quant-desktop/internal/order/manager.go:138.2,140.45 3 1
quant-desktop/internal/order/manager.go:140.45,144.3 3 1
quant-desktop/internal/order/manager.go:145.2,145.16 1 1
quant-desktop/internal/order/manager.go:145.16,149.3 3 0
quant-desktop/internal/order/manager.go:152.2,154.25 3 1
quant-desktop/internal/order/manager.go:154.25,156.3 1 0
quant-desktop/internal/order/manager.go:157.2,172.16 3 1
quant-desktop/internal/order/manager.go:172.16,174.3 1 0
quant-desktop/internal/order/manager.go:177.2,202.12 6 1
quant-desktop/internal/order/manager.go:210.97,212.16 2 0
quant-desktop/internal/order/manager.go:212.16,215.3 2 0
quant-desktop/internal/order/manager.go:216.2,216.27 1 0
quant-desktop/internal/order/manager.go:216.27,219.17 3 0
quant-desktop/internal/order/manager.go:219.17,220.12 1 0
quant-desktop/internal/order/manager.go:222.3,223.28 2 0
quant-desktop/internal/order/manager.go:223.28,224.92 1 0
quant-desktop/internal/order/manager.go:224.92,226.10 2 0
quant-desktop/internal/order/manager.go:229.3,229.17 1 0
quant-desktop/internal/order/manager.go:229.17,231.59 2 0
quant-desktop/internal/order/manager.go:231.59,233.5 1 0
quant-desktop/internal/order/manager.go:250.86,255.16 4 1
quant-desktop/internal/order/manager.go:255.16,258.3 2 0
quant-desktop/internal/order/manager.go:261.2,262.24 2 1
quant-desktop/internal/order/manager.go:262.24,264.3 1 1
quant-desktop/internal/order/manager.go:266.2,266.37 1 1
quant-desktop/internal/order/manager.go:266.37,268.55 2 1
quant-desktop/internal/order/manager.go:268.55,269.12 1 0
quant-desktop/internal/order/manager.go:272.3,276.26 3 1
quant-desktop/internal/order/manager.go:276.26,277.23 1 1
quant-desktop/internal/order/manager.go:278.37,279.18 1 1
quant-desktop/internal/order/manager.go:280.39,281.22 1 1
quant-desktop/internal/order/manager.go:286.3,288.54 2 1
quant-desktop/internal/order/manager.go:288.54,289.27 1 0
quant-desktop/internal/order/manager.go:289.27,291.5 1 0
quant-desktop/internal/order/manager.go:291.10,293.5 1 0
quant-desktop/internal/order/manager.go:295.3,295.24 1 1
quant-desktop/internal/order/manager.go:295.24,302.24 3 0
quant-desktop/internal/order/manager.go:302.24,303.29 1 0
quant-desktop/internal/order/manager.go:303.29,305.6 1 0
quant-desktop/internal/order/manager.go:305.11,307.6 1 0
quant-desktop/internal/order/manager.go:308.5,317.130 4 0
quant-desktop/internal/order/manager.go:322.3,322.38 1 1
quant-desktop/internal/order/manager.go:322.38,324.65 2 0
quant-desktop/internal/order/manager.go:324.65,326.5 1 0
quant-desktop/internal/order/manager.go:327.4,329.27 3 0
quant-desktop/internal/order/manager.go:329.27,332.39 2 0
quant-desktop/internal/order/manager.go:332.39,334.6 1 0
quant-desktop/internal/order/manager.go:335.10,338.39 2 0
quant-desktop/internal/order/manager.go:338.39,340.6 1 0
quant-desktop/internal/order/manager.go:342.4,342.20 1 0
quant-desktop/internal/order/manager.go:342.20,348.49 4 0
quant-desktop/internal/order/manager.go:348.49,351.70 2 0
quant-desktop/internal/order/manager.go:351.70,353.27 2 0
quant-desktop/internal/order/manager.go:353.27,355.8 1 0
quant-desktop/internal/order/manager.go:355.13,361.8 4 0
quant-desktop/internal/order/manager.go:368.3,368.34 1 1
quant-desktop/internal/order/manager.go:371.2,373.12 3 1
quant-desktop/internal/order/manager.go:378.82,379.34 1 1
quant-desktop/internal/order/manager.go:379.34,383.28 3 1
quant-desktop/internal/order/manager.go:383.28,386.18 2 1
quant-desktop/internal/order/manager.go:386.18,389.13 2 0
quant-desktop/internal/order/manager.go:393.4,393.74 1 1
quant-desktop/internal/order/manager.go:393.74,395.25 2 0
quant-desktop/internal/order/manager.go:395.25,399.6 3 0
quant-desktop/internal/order/manager.go:399.11,402.6 1 0
quant-desktop/internal/order/manager.go:404.9,407.18 2 1
quant-desktop/internal/order/manager.go:407.18,410.13 2 0
quant-desktop/internal/order/manager.go:414.3,414.39 1 1
quant-desktop/internal/order/manager.go:414.39,415.12 1 1
quant-desktop/internal/order/manager.go:418.3,419.27 2 0
quant-desktop/internal/order/manager.go:419.27,421.4 1 0
quant-desktop/internal/order/manager.go:422.3,422.28 1 0
quant-desktop/internal/order/manager.go:422.28,424.4 1 0
quant-desktop/internal/order/manager.go:426.3,426.103 1 0
quant-desktop/internal/order/manager.go:426.103,428.12 2 0
quant-desktop/internal/order/manager.go:431.3,442.47 4 0
quant-desktop/internal/order/manager.go:442.47,444.4 1 0
quant-desktop/internal/order/manager.go:462.110,465.59 2 1
quant-desktop/internal/order/manager.go:465.59,467.3 1 0
quant-desktop/internal/order/manager.go:470.2,472.54 3 1
quant-desktop/internal/order/manager.go:472.54,473.26 1 1
quant-desktop/internal/order/manager.go:473.26,475.4 1 0
quant-desktop/internal/order/manager.go:475.9,477.4 1 1
quant-desktop/internal/order/manager.go:481.2,485.16 3 1
quant-desktop/internal/order/manager.go:485.16,488.3 2 0
quant-desktop/internal/order/manager.go:491.2,491.96 1 1
quant-desktop/internal/order/manager.go:491.96,493.3 1 0
quant-desktop/internal/order/manager.go:496.2,496.74 1 1
quant-desktop/internal/order/manager.go:496.74,498.3 1 0
quant-desktop/internal/order/manager.go:501.2,523.70 4 1
quant-desktop/internal/order/manager.go:536.84,538.16 2 1
quant-desktop/internal/order/manager.go:538.16,540.3 1 0
quant-desktop/internal/order/manager.go:542.2,542.24 1 1
quant-desktop/internal/order/manager.go:542.24,545.91 2 1
quant-desktop/internal/order/manager.go:545.91,546.12 1 0
quant-desktop/internal/order/manager.go:550.3,551.19 2 1
quant-desktop/internal/order/manager.go:551.19,553.4 1 1
quant-desktop/internal/order/manager.go:553.9,555.4 1 1
quant-desktop/internal/order/manager.go:556.3,556.23 1 1
quant-desktop/internal/order/manager.go:556.23,558.12 2 0
quant-desktop/internal/order/manager.go:562.3,577.117 6 1
quant-desktop/internal/order/manager.go:580.2,580.12 1 1
quant-desktop/internal/order/manager.go:599.63,602.16 2 0
quant-desktop/internal/order/manager.go:602.16,604.3 1 0
quant-desktop/internal/order/manager.go:607.2,608.20 2 0
quant-desktop/internal/order/manager.go:608.20,611.3 2 0
quant-desktop/internal/order/manager.go:614.2,615.16 2 0
quant-desktop/internal/order/manager.go:615.16,617.3 1 0
quant-desktop/internal/order/manager.go:620.2,621.35 2 0
quant-desktop/internal/order/manager.go:621.35,623.3 1 0
quant-desktop/internal/order/manager.go:625.2,626.31 2 0
quant-desktop/internal/order/manager.go:626.31,628.3 1 0
quant-desktop/internal/order/manager.go:631.2,633.29 3 0
quant-desktop/internal/order/manager.go:633.29,637.23 2 0
quant-desktop/internal/order/manager.go:637.23,638.53 1 0
quant-desktop/internal/order/manager.go:638.53,639.36 1 0
quant-desktop/internal/order/manager.go:639.36,654.6 6 0
quant-desktop/internal/order/manager.go:655.10,670.5 6 0
quant-desktop/internal/order/manager.go:671.4,671.12 1 0
quant-desktop/internal/order/manager.go:675.3,675.65 1 0
quant-desktop/internal/order/manager.go:675.65,677.35 1 0
quant-desktop/internal/order/manager.go:677.35,692.5 6 0
quant-desktop/internal/order/manager.go:693.9,709.4 6 0
quant-desktop/internal/order/manager.go:713.2,723.12 4 0
quant-desktop/internal/order/manager.go:734.58,744.2 4 1
quant-desktop/internal/order/manager.go:756.80,758.55 2 1
quant-desktop/internal/order/manager.go:758.55,759.29 1 1
quant-desktop/internal/order/manager.go:759.29,761.4 1 1
quant-desktop/internal/order/manager.go:764.3,764.30 1 1
quant-desktop/internal/order/manager.go:764.30,765.9 1 0
quant-desktop/internal/order/manager.go:769.3,775.10 5 1
quant-desktop/internal/order/manager.go:776.21,777.20 1 0
quant-desktop/internal/order/manager.go:778.35,778.35 0 1
quant-desktop/internal/order/manager.go:781.2,781.12 1 0
quant-desktop/internal/order/manager.go:793.95,797.51 2 0
quant-desktop/internal/order/manager.go:797.51,798.26 1 0
quant-desktop/internal/order/manager.go:798.26,801.4 2 0
quant-desktop/internal/order/manager.go:802.3,803.13 2 0
quant-desktop/internal/order/manager.go:806.2,806.21 1 0
quant-desktop/internal/order/manager.go:806.21,820.60 3 0
quant-desktop/internal/order/manager.go:820.60,822.4 1 0
quant-desktop/internal/order/manager.go:823.3,823.9 1 0
quant-desktop/internal/order/manager.go:827.2,827.59 1 0
quant-desktop/internal/order/manager.go:827.59,829.3 1 0
quant-desktop/internal/order/manager.go:832.2,832.74 1 0
quant-desktop/internal/order/manager.go:832.74,834.3 1 0
quant-desktop/internal/order/manager.go:837.2,845.4 1 0
quant-desktop/internal/risk/circuit_breaker.go:32.97,38.2 1 1
quant-desktop/internal/risk/circuit_breaker.go:41.60,45.2 3 1
quant-desktop/internal/risk/circuit_breaker.go:49.67,53.20 3 1
quant-desktop/internal/risk/circuit_breaker.go:53.20,55.3 1 0
quant-desktop/internal/risk/circuit_breaker.go:57.2,57.44 1 1
quant-desktop/internal/risk/circuit_breaker.go:57.44,59.35 2 1
quant-desktop/internal/risk/circuit_breaker.go:59.35,63.4 3 1
quant-desktop/internal/risk/circuit_breaker.go:65.2,65.14 1 1
quant-desktop/internal/risk/circuit_breaker.go:70.69,74.22 3 1
quant-desktop/internal/risk/circuit_breaker.go:74.22,76.3 1 0
quant-desktop/internal/risk/circuit_breaker.go:78.2,78.47 1 1
quant-desktop/internal/risk/circuit_breaker.go:78.47,80.33 2 1
quant-desktop/internal/risk/circuit_breaker.go:80.33,84.4 3 1
quant-desktop/internal/risk/circuit_breaker.go:86.2,86.14 1 1
quant-desktop/internal/risk/circuit_breaker.go:90.53,95.2 4 1
quant-desktop/internal/risk/circuit_breaker.go:98.48,102.2 3 1
quant-desktop/internal/risk/circuit_breaker.go:105.44,109.2 3 1
quant-desktop/internal/risk/circuit_breaker.go:112.40,116.2 3 1
quant-desktop/internal/risk/manager.go:23.53,25.23 2 1
quant-desktop/internal/risk/manager.go:25.23,27.3 1 1
quant-desktop/internal/risk/manager.go:27.8,29.3 1 1
quant-desktop/internal/risk/manager.go:30.2,34.3 1 1
quant-desktop/internal/risk/manager.go:49.72,54.23 4 1
quant-desktop/internal/risk/manager.go:54.23,56.43 1 1
quant-desktop/internal/risk/manager.go:56.43,58.4 1 1
quant-desktop/internal/risk/manager.go:60.3,61.57 2 1
quant-desktop/internal/risk/manager.go:61.57,63.4 1 1
quant-desktop/internal/risk/manager.go:65.3,65.36 1 1
quant-desktop/internal/risk/manager.go:65.36,67.4 1 1
quant-desktop/internal/risk/manager.go:68.3,68.53 1 1
quant-desktop/internal/risk/manager.go:68.53,70.43 2 1
quant-desktop/internal/risk/manager.go:70.43,72.5 1 1
quant-desktop/internal/risk/manager.go:73.4,73.47 1 1
quant-desktop/internal/risk/manager.go:73.47,75.5 1 1
quant-desktop/internal/risk/manager.go:77.8,79.38 1 1
quant-desktop/internal/risk/manager.go:79.38,81.4 1 1
quant-desktop/internal/risk/manager.go:83.3,84.57 2 1
quant-desktop/internal/risk/manager.go:84.57,86.4 1 1
quant-desktop/internal/risk/manager.go:88.3,88.36 1 1
quant-desktop/internal/risk/manager.go:88.36,90.4 1 1
quant-desktop/internal/risk/manager.go:91.3,91.53 1 1
quant-desktop/internal/risk/manager.go:91.53,93.43 2 1
quant-desktop/internal/risk/manager.go:93.43,95.5 1 1
quant-desktop/internal/risk/manager.go:96.4,96.42 1 1
quant-desktop/internal/risk/manager.go:96.42,98.5 1 1
quant-desktop/internal/risk/manager.go:102.2,103.51 2 1
quant-desktop/internal/risk/manager.go:110.69,112.2 1 1
quant-desktop/internal/risk/manager.go:117.70,119.2 1 1
quant-desktop/internal/storage/credentials.go:22.25,26.14 4 0
quant-desktop/internal/storage/credentials.go:26.14,28.3 1 0
quant-desktop/internal/storage/credentials.go:29.2,31.13 3 0
quant-desktop/internal/storage/credentials.go:37.48,38.21 1 0
quant-desktop/internal/storage/credentials.go:38.21,40.3 1 0
quant-desktop/internal/storage/credentials.go:41.2,43.16 3 0
quant-desktop/internal/storage/credentials.go:43.16,45.3 1 0
quant-desktop/internal/storage/credentials.go:46.2,47.16 2 0
quant-desktop/internal/storage/credentials.go:47.16,49.3 1 0
quant-desktop/internal/storage/credentials.go:50.2,51.59 2 0
quant-desktop/internal/storage/credentials.go:51.59,53.3 1 0
quant-desktop/internal/storage/credentials.go:54.2,55.59 2 0
quant-desktop/internal/storage/credentials.go:61.46,62.19 1 0
quant-desktop/internal/storage/credentials.go:62.19,64.3 1 0
quant-desktop/internal/storage/credentials.go:65.2,66.16 2 0
quant-desktop/internal/storage/credentials.go:66.16,68.3 1 0
quant-desktop/internal/storage/credentials.go:69.2,71.16 3 0
quant-desktop/internal/storage/credentials.go:71.16,73.3 1 0
quant-desktop/internal/storage/credentials.go:74.2,75.16 2 0
quant-desktop/internal/storage/credentials.go:75.16,77.3 1 0
quant-desktop/internal/storage/credentials.go:78.2,79.27 2 0
quant-desktop/internal/storage/credentials.go:79.27,81.3 1 0
quant-desktop/internal/storage/credentials.go:82.2,84.16 3 0
quant-desktop/internal/storage/credentials.go:84.16,86.3 1 0
quant-desktop/internal/storage/credentials.go:87.2,87.31 1 0
quant-desktop/internal/storage/credentials.go:97.55,100.16 3 1
quant-desktop/internal/storage/credentials.go:100.16,101.50 1 1
quant-desktop/internal/storage/credentials.go:101.50,103.4 1 1
quant-desktop/internal/storage/credentials.go:104.3,104.17 1 0
quant-desktop/internal/storage/credentials.go:106.2,106.19 1 1
quant-desktop/internal/storage/credentials.go:115.52,122.2 2 1
quant-desktop/internal/storage/credentials.go:129.69,131.16 2 0
quant-desktop/internal/storage/credentials.go:131.16,133.3 1 0
quant-desktop/internal/storage/credentials.go:134.2,135.16 2 0
quant-desktop/internal/storage/credentials.go:135.16,137.3 1 0
quant-desktop/internal/storage/credentials.go:139.2,140.16 2 0
quant-desktop/internal/storage/credentials.go:140.16,142.3 1 0
quant-desktop/internal/storage/credentials.go:143.2,147.16 3 0
quant-desktop/internal/storage/credentials.go:147.16,149.3 1 0
quant-desktop/internal/storage/credentials.go:150.2,152.69 2 0
quant-desktop/internal/storage/credentials.go:152.69,154.3 1 0
quant-desktop/internal/storage/credentials.go:155.2,155.75 1 0
quant-desktop/internal/storage/credentials.go:155.75,157.3 1 0
quant-desktop/internal/storage/credentials.go:159.2,159.20 1 0
quant-desktop/internal/storage/credentials.go:165.68,169.63 3 0
quant-desktop/internal/storage/credentials.go:169.63,171.3 1 0
quant-desktop/internal/storage/credentials.go:173.2,174.63 2 0
quant-desktop/internal/storage/credentials.go:174.63,176.3 1 0
quant-desktop/internal/storage/credentials.go:178.2,179.16 2 0
quant-desktop/internal/storage/credentials.go:179.16,181.3 1 0
quant-desktop/internal/storage/credentials.go:182.2,183.16 2 0
quant-desktop/internal/storage/credentials.go:183.16,185.3 1 0
quant-desktop/internal/storage/credentials.go:187.2,187.31 1 0
quant-desktop/internal/storage/credentials.go:194.63,196.16 2 0
quant-desktop/internal/storage/credentials.go:196.16,198.3 1 0
quant-desktop/internal/storage/credentials.go:199.2,203.16 3 0
quant-desktop/internal/storage/credentials.go:203.16,205.3 1 0
quant-desktop/internal/storage/credentials.go:206.2,208.63 2 0
quant-desktop/internal/storage/credentials.go:208.63,210.3 1 0
quant-desktop/internal/storage/credentials.go:211.2,211.76 1 0
quant-desktop/internal/storage/credentials.go:211.76,213.3 1 0
quant-desktop/internal/storage/credentials.go:215.2,215.20 1 0
quant-desktop/internal/storage/credentials.go:220.54,224.61 3 0
quant-desktop/internal/storage/credentials.go:224.61,226.3 1 0
quant-desktop/internal/storage/credentials.go:228.2,229.61 2 0
quant-desktop/internal/storage/credentials.go:229.61,231.3 1 0
quant-desktop/internal/storage/credentials.go:233.2,234.19 2 0
quant-desktop/internal/storage/credentials.go:234.19,236.3 1 0
quant-desktop/internal/storage/credentials.go:238.2,238.27 1 0
quant-desktop/internal/storage/db.go:30.49,34.2 2 0
quant-desktop/internal/storage/db.go:39.40,42.47 2 1
quant-desktop/internal/storage/db.go:42.47,44.3 1 0
quant-desktop/internal/storage/db.go:49.2,50.16 2 1
quant-desktop/internal/storage/db.go:50.16,52.3 1 0
quant-desktop/internal/storage/db.go:55.2,58.37 3 1
quant-desktop/internal/storage/db.go:58.37,61.3 2 0
quant-desktop/internal/storage/db.go:63.2,63.16 1 1
quant-desktop/internal/storage/db.go:67.31,149.16 3 1
quant-desktop/internal/storage/db.go:149.16,151.3 1 0
quant-desktop/internal/storage/db.go:153.2,153.53 1 1
quant-desktop/internal/storage/db.go:153.53,155.3 1 0
quant-desktop/internal/storage/db.go:156.2,156.53 1 1
quant-desktop/internal/storage/db.go:156.53,158.3 1 0
quant-desktop/internal/storage/db.go:159.2,159.34 1 1
quant-desktop/internal/storage/db.go:166.47,168.16 2 1
quant-desktop/internal/storage/db.go:168.16,170.3 1 0
quant-desktop/internal/storage/db.go:171.2,171.25 1 1
quant-desktop/internal/storage/db.go:171.25,172.93 1 0
quant-desktop/internal/storage/db.go:172.93,174.4 1 0
quant-desktop/internal/storage/db.go:176.2,176.18 1 1
quant-desktop/internal/storage/db.go:176.18,177.105 1 0
quant-desktop/internal/storage/db.go:177.105,179.4 1 0
quant-desktop/internal/storage/db.go:181.2,181.12 1 1
quant-desktop/internal/storage/db.go:188.47,190.16 2 1
quant-desktop/internal/storage/db.go:190.16,192.3 1 0
quant-desktop/internal/storage/db.go:193.2,193.26 1 1
quant-desktop/internal/storage/db.go:193.26,194.108 1 0
quant-desktop/internal/storage/db.go:194.108,196.4 1 0
quant-desktop/internal/storage/db.go:198.2,198.12 1 1
quant-desktop/internal/storage/db.go:206.44,208.16 2 1
quant-desktop/internal/storage/db.go:208.16,210.3 1 0
quant-desktop/internal/storage/db.go:211.2,211.22 1 1
quant-desktop/internal/storage/db.go:211.22,212.109 1 0
quant-desktop/internal/storage/db.go:212.109,214.4 1 0
quant-desktop/internal/storage/db.go:215.3,215.50 1 0
quant-desktop/internal/storage/db.go:217.2,217.12 1 1
quant-desktop/internal/storage/db.go:227.67,229.16 2 1
quant-desktop/internal/storage/db.go:229.16,231.3 1 0
quant-desktop/internal/storage/db.go:232.2,235.18 3 1
quant-desktop/internal/storage/db.go:235.18,241.83 6 1
quant-desktop/internal/storage/db.go:241.83,243.4 1 0
quant-desktop/internal/storage/db.go:244.3,244.20 1 1
quant-desktop/internal/storage/db.go:246.2,246.18 1 1
quant-desktop/internal/storage/db.go:250.29,251.20 1 1
quant-desktop/internal/storage/db.go:251.20,253.3 1 1
quant-desktop/internal/storage/db.go:254.2,254.12 1 0
quant-desktop/internal/storage/order_event_repo.go:34.57,44.2 2 1
quant-desktop/internal/storage/order_event_repo.go:50.78,51.16 1 1
quant-desktop/internal/storage/order_event_repo.go:51.16,53.3 1 0
quant-desktop/internal/storage/order_event_repo.go:55.2,57.18 3 1
quant-desktop/internal/storage/order_event_repo.go:57.18,63.3 1 1
quant-desktop/internal/storage/order_event_repo.go:63.8,70.3 1 1
quant-desktop/internal/storage/order_event_repo.go:71.2,71.16 1 1
quant-desktop/internal/storage/order_event_repo.go:71.16,73.3 1 0
quant-desktop/internal/storage/order_event_repo.go:74.2,77.18 3 1
quant-desktop/internal/storage/order_event_repo.go:77.18,79.17 2 1
quant-desktop/internal/storage/order_event_repo.go:79.17,81.4 1 0
quant-desktop/internal/storage/order_event_repo.go:82.3,82.29 1 1
quant-desktop/internal/storage/order_event_repo.go:84.2,84.20 1 1
quant-desktop/internal/storage/order_event_repo.go:90.69,91.16 1 1
quant-desktop/internal/storage/order_event_repo.go:91.16,93.3 1 0
quant-desktop/internal/storage/order_event_repo.go:95.2,100.16 2 1
quant-desktop/internal/storage/order_event_repo.go:100.16,102.3 1 0
quant-desktop/internal/storage/order_event_repo.go:103.2,106.18 3 1
quant-desktop/internal/storage/order_event_repo.go:106.18,108.17 2 1
quant-desktop/internal/storage/order_event_repo.go:108.17,110.4 1 0
quant-desktop/internal/storage/order_event_repo.go:111.3,111.29 1 1
quant-desktop/internal/storage/order_event_repo.go:113.2,113.20 1 1
quant-desktop/internal/storage/order_event_repo.go:124.93,125.16 1 1
quant-desktop/internal/storage/order_event_repo.go:125.16,127.3 1 0
quant-desktop/internal/storage/order_event_repo.go:129.2,138.16 2 1
quant-desktop/internal/storage/order_event_repo.go:138.16,140.3 1 0
quant-desktop/internal/storage/order_event_repo.go:141.2,144.18 3 1
quant-desktop/internal/storage/order_event_repo.go:144.18,146.17 2 1
quant-desktop/internal/storage/order_event_repo.go:146.17,148.4 1 0
quant-desktop/internal/storage/order_event_repo.go:149.3,149.29 1 1
quant-desktop/internal/storage/order_event_repo.go:151.2,151.20 1 1
quant-desktop/internal/storage/order_event_repo.go:157.57,162.2 3 1
quant-desktop/internal/storage/order_repo.go:37.56,47.16 2 1
quant-desktop/internal/storage/order_repo.go:47.16,49.3 1 0
quant-desktop/internal/storage/order_repo.go:50.2,50.30 1 1
quant-desktop/internal/storage/order_repo.go:60.70,68.16 2 1
quant-desktop/internal/storage/order_repo.go:68.16,70.3 1 0
quant-desktop/internal/storage/order_repo.go:71.2,74.18 3 1
quant-desktop/internal/storage/order_repo.go:74.18,76.17 2 1
quant-desktop/internal/storage/order_repo.go:76.17,78.4 1 0
quant-desktop/internal/storage/order_repo.go:79.3,79.33 1 1
quant-desktop/internal/storage/order_repo.go:81.2,81.20 1 1
quant-desktop/internal/storage/order_repo.go:91.76,92.27 1 1
quant-desktop/internal/storage/order_repo.go:92.27,94.3 1 1
quant-desktop/internal/storage/order_repo.go:96.2,98.33 3 1
quant-desktop/internal/storage/order_repo.go:98.33,100.3 1 1
quant-desktop/internal/storage/order_repo.go:101.2,106.16 3 1
quant-desktop/internal/storage/order_repo.go:106.16,108.3 1 0
quant-desktop/internal/storage/order_repo.go:109.2,112.18 3 1
quant-desktop/internal/storage/order_repo.go:112.18,114.17 2 1
quant-desktop/internal/storage/order_repo.go:114.17,116.4 1 0
quant-desktop/internal/storage/order_repo.go:117.3,117.33 1 1
quant-desktop/internal/storage/order_repo.go:119.2,119.20 1 1
quant-desktop/internal/storage/order_repo.go:126.50,133.16 2 1
quant-desktop/internal/storage/order_repo.go:133.16,135.3 1 0
quant-desktop/internal/storage/order_repo.go:136.2,139.18 3 1
quant-desktop/internal/storage/order_repo.go:139.18,141.17 2 1
quant-desktop/internal/storage/order_repo.go:141.17,143.4 1 0
quant-desktop/internal/storage/order_repo.go:144.3,144.33 1 1
quant-desktop/internal/storage/order_repo.go:146.2,146.20 1 1
quant-desktop/internal/storage/order_repo.go:156.66,165.22 4 1
quant-desktop/internal/storage/order_repo.go:166.10,167.45 1 1
quant-desktop/internal/storage/order_repo.go:168.16,169.89 1 1
quant-desktop/internal/storage/order_repo.go:170.10,172.36 2 1
quant-desktop/internal/storage/order_repo.go:175.2,176.16 2 1
quant-desktop/internal/storage/order_repo.go:176.16,178.3 1 0
quant-desktop/internal/storage/order_repo.go:179.2,182.18 3 1
quant-desktop/internal/storage/order_repo.go:182.18,184.17 2 1
quant-desktop/internal/storage/order_repo.go:184.17,186.4 1 0
quant-desktop/internal/storage/order_repo.go:187.3,187.33 1 1
quant-desktop/internal/storage/order_repo.go:189.2,189.20 1 1
quant-desktop/internal/storage/order_repo.go:201.100,208.2 3 1
quant-desktop/internal/storage/order_repo.go:217.75,231.26 4 1
quant-desktop/internal/storage/order_repo.go:231.26,233.3 1 1
quant-desktop/internal/storage/order_repo.go:234.2,234.16 1 1
quant-desktop/internal/storage/order_repo.go:234.16,236.3 1 0
quant-desktop/internal/storage/order_repo.go:237.2,237.20 1 1
quant-desktop/internal/storage/order_repo.go:248.82,254.2 2 0
quant-desktop/internal/storage/order_repo.go:263.47,270.2 3 1
quant-desktop/internal/storage/position_repo.go:29.60,38.16 2 1
quant-desktop/internal/storage/position_repo.go:38.16,40.3 1 0
quant-desktop/internal/storage/position_repo.go:41.2,41.30 1 1
quant-desktop/internal/storage/position_repo.go:45.54,51.16 2 1
quant-desktop/internal/storage/position_repo.go:51.16,53.3 1 0
quant-desktop/internal/storage/position_repo.go:54.2,57.18 3 1
quant-desktop/internal/storage/position_repo.go:57.18,61.61 2 1
quant-desktop/internal/storage/position_repo.go:61.61,63.4 1 0
quant-desktop/internal/storage/position_repo.go:64.3,64.35 1 1
quant-desktop/internal/storage/position_repo.go:66.2,66.23 1 1
quant-desktop/internal/storage/position_repo.go:78.106,85.2 3 1
quant-desktop/internal/storage/position_repo.go:89.60,101.16 3 1
quant-desktop/internal/storage/position_repo.go:101.16,103.3 1 1
quant-desktop/internal/storage/position_repo.go:104.2,104.16 1 1
quant-desktop/internal/storage/position_repo.go:108.110,114.2 2 1
quant-desktop/internal/storage/position_repo.go:118.51,131.16 7 1
quant-desktop/internal/storage/position_repo.go:131.16,133.3 1 0
quant-desktop/internal/storage/position_repo.go:134.2,134.35 1 1
quant-desktop/internal/storage/position_repo.go:139.54,145.2 3 0
quant-desktop/internal/storage/position_repo.go:153.80,159.2 2 1
quant-desktop/internal/storage/position_repo.go:167.79,173.2 2 1
quant-desktop/internal/storage/position_repo.go:180.46,183.2 2 1
quant-desktop/internal/storage/position_repo.go:188.65,189.16 1 1
quant-desktop/internal/storage/position_repo.go:189.16,191.3 1 0
quant-desktop/internal/storage/position_repo.go:192.2,199.16 2 1
quant-desktop/internal/storage/position_repo.go:199.16,201.3 1 0
quant-desktop/internal/storage/position_repo.go:202.2,205.18 3 1
quant-desktop/internal/storage/position_repo.go:205.18,210.70 2 1
quant-desktop/internal/storage/position_repo.go:210.70,212.4 1 0
quant-desktop/internal/storage/position_repo.go:213.3,213.35 1 1
quant-desktop/internal/storage/position_repo.go:215.2,215.23 1 1
quant-desktop/internal/storage/trade_log_repo.go:22.46,30.2 2 1
quant-desktop/internal/storage/trade_log_repo.go:39.60,40.16 1 1
quant-desktop/internal/storage/trade_log_repo.go:40.16,42.3 1 1
quant-desktop/internal/storage/trade_log_repo.go:44.2,48.16 2 1
quant-desktop/internal/storage/trade_log_repo.go:48.16,50.3 1 0
quant-desktop/internal/storage/trade_log_repo.go:51.2,54.18 3 1
quant-desktop/internal/storage/trade_log_repo.go:54.18,57.75 2 1
quant-desktop/internal/storage/trade_log_repo.go:57.75,59.4 1 0
quant-desktop/internal/storage/trade_log_repo.go:60.3,60.25 1 1
quant-desktop/internal/storage/trade_log_repo.go:62.2,62.18 1 1
quant-desktop/internal/storage/trade_log_repo.go:73.89,74.16 1 1
quant-desktop/internal/storage/trade_log_repo.go:74.16,76.3 1 0
quant-desktop/internal/storage/trade_log_repo.go:78.2,83.16 2 1
quant-desktop/internal/storage/trade_log_repo.go:83.16,85.3 1 0
quant-desktop/internal/storage/trade_log_repo.go:86.2,89.18 3 1
quant-desktop/internal/storage/trade_log_repo.go:89.18,92.75 2 1
quant-desktop/internal/storage/trade_log_repo.go:92.75,94.4 1 0
quant-desktop/internal/storage/trade_log_repo.go:95.3,95.25 1 1
quant-desktop/internal/storage/trade_log_repo.go:97.2,97.18 1 1
quant-desktop/internal/binance/rest.go:47.34,50.29 2 1
quant-desktop/internal/binance/rest.go:50.29,53.17 3 1
quant-desktop/internal/binance/rest.go:53.17,58.4 4 1
quant-desktop/internal/binance/rest.go:60.2,61.12 2 0
quant-desktop/internal/binance/rest.go:65.59,67.21 2 1
quant-desktop/internal/binance/rest.go:67.21,69.3 1 1
quant-desktop/internal/binance/rest.go:70.2,73.3 1 1
quant-desktop/internal/binance/rest.go:82.89,83.26 1 1
quant-desktop/internal/binance/rest.go:83.26,92.3 7 0
quant-desktop/internal/binance/rest.go:94.2,98.38 3 1
quant-desktop/internal/binance/rest.go:98.38,102.3 3 0
quant-desktop/internal/binance/rest.go:102.8,104.3 1 1
quant-desktop/internal/binance/rest.go:105.2,110.21 3 1
quant-desktop/internal/binance/rest.go:110.21,114.3 3 1
quant-desktop/internal/binance/rest.go:116.2,122.3 1 1
quant-desktop/internal/binance/rest.go:129.62,131.16 2 0
quant-desktop/internal/binance/rest.go:131.16,133.3 1 0
quant-desktop/internal/binance/rest.go:135.2,136.33 2 0
quant-desktop/internal/binance/rest.go:136.33,141.41 2 0
quant-desktop/internal/binance/rest.go:141.41,144.4 2 0
quant-desktop/internal/binance/rest.go:145.3,145.39 1 0
quant-desktop/internal/binance/rest.go:145.39,147.4 1 0
quant-desktop/internal/binance/rest.go:148.3,148.19 1 0
quant-desktop/internal/binance/rest.go:151.2,156.12 5 0
quant-desktop/internal/binance/rest.go:160.32,160.49 1 0
quant-desktop/internal/binance/rest.go:163.34,163.64 1 1
quant-desktop/internal/binance/rest.go:167.44,170.2 2 1
quant-desktop/internal/binance/rest.go:175.70,180.2 4 1
quant-desktop/internal/binance/rest.go:186.54,189.30 3 1
quant-desktop/internal/binance/rest.go:189.30,191.3 1 0
quant-desktop/internal/binance/rest.go:192.2,193.11 2 1
quant-desktop/internal/binance/rest.go:201.63,203.9 2 1
quant-desktop/internal/binance/rest.go:203.9,206.3 1 0
quant-desktop/internal/binance/rest.go:208.2,208.21 1 1
quant-desktop/internal/binance/rest.go:208.21,210.3 1 1
quant-desktop/internal/binance/rest.go:212.2,212.59 1 1
quant-desktop/internal/binance/rest.go:220.67,222.9 2 1
quant-desktop/internal/binance/rest.go:222.9,225.3 1 0
quant-desktop/internal/binance/rest.go:227.2,227.21 1 1
quant-desktop/internal/binance/rest.go:227.21,229.3 1 1
quant-desktop/internal/binance/rest.go:231.2,231.63 1 1
quant-desktop/internal/binance/rest.go:239.63,241.9 2 1
quant-desktop/internal/binance/rest.go:241.9,244.3 1 0
quant-desktop/internal/binance/rest.go:245.2,245.21 1 1
quant-desktop/internal/binance/rest.go:245.21,247.3 1 1
quant-desktop/internal/binance/rest.go:248.2,248.12 1 1
quant-desktop/internal/binance/rest.go:252.42,253.31 1 1
quant-desktop/internal/binance/rest.go:253.31,255.3 1 1
quant-desktop/internal/binance/rest.go:256.2,257.34 2 1
quant-desktop/internal/binance/rest.go:263.37,264.16 1 1
quant-desktop/internal/binance/rest.go:264.16,266.3 1 1
quant-desktop/internal/binance/rest.go:267.2,268.137 2 1
quant-desktop/internal/binance/rest.go:268.137,269.32 1 1
quant-desktop/internal/binance/rest.go:269.32,271.4 1 1
quant-desktop/internal/binance/rest.go:273.2,273.14 1 1
quant-desktop/internal/binance/rest.go:283.70,287.32 4 1
quant-desktop/internal/binance/rest.go:287.32,289.17 2 1
quant-desktop/internal/binance/rest.go:289.17,290.9 1 0
quant-desktop/internal/binance/rest.go:292.3,292.46 1 1
quant-desktop/internal/binance/rest.go:292.46,294.4 1 1
quant-desktop/internal/binance/rest.go:295.3,296.47 2 1
quant-desktop/internal/binance/rest.go:299.2,300.24 2 0
quant-desktop/internal/binance/rest.go:300.24,301.64 1 0
quant-desktop/internal/binance/rest.go:301.64,308.4 1 0
quant-desktop/internal/binance/rest.go:310.2,310.20 1 0
quant-desktop/internal/binance/rest.go:316.101,317.18 1 1
quant-desktop/internal/binance/rest.go:317.18,319.3 1 1
quant-desktop/internal/binance/rest.go:320.2,329.16 3 0
quant-desktop/internal/binance/rest.go:329.16,331.3 1 0
quant-desktop/internal/binance/rest.go:333.2,338.8 1 0
quant-desktop/internal/binance/rest.go:344.99,345.18 1 1
quant-desktop/internal/binance/rest.go:345.18,347.3 1 1
quant-desktop/internal/binance/rest.go:348.2,357.16 3 0
quant-desktop/internal/binance/rest.go:357.16,359.3 1 0
quant-desktop/internal/binance/rest.go:360.2,368.8 2 0
quant-desktop/internal/binance/rest.go:372.102,373.18 1 1
quant-desktop/internal/binance/rest.go:373.18,375.3 1 1
quant-desktop/internal/binance/rest.go:376.2,385.16 3 0
quant-desktop/internal/binance/rest.go:385.16,387.3 1 0
quant-desktop/internal/binance/rest.go:389.2,394.8 1 0
quant-desktop/internal/binance/rest.go:400.100,401.18 1 1
quant-desktop/internal/binance/rest.go:401.18,403.3 1 1
quant-desktop/internal/binance/rest.go:404.2,413.16 3 0
quant-desktop/internal/binance/rest.go:413.16,415.3 1 0
quant-desktop/internal/binance/rest.go:416.2,424.8 2 0
quant-desktop/internal/binance/rest.go:435.124,436.18 1 1
quant-desktop/internal/binance/rest.go:436.18,438.3 1 1
quant-desktop/internal/binance/rest.go:439.2,447.21 3 0
quant-desktop/internal/binance/rest.go:447.21,449.3 1 0
quant-desktop/internal/binance/rest.go:449.8,451.3 1 0
quant-desktop/internal/binance/rest.go:452.2,453.16 2 0
quant-desktop/internal/binance/rest.go:453.16,456.3 2 0
quant-desktop/internal/binance/rest.go:458.2,464.8 2 0
quant-desktop/internal/binance/rest.go:476.170,477.18 1 1
quant-desktop/internal/binance/rest.go:477.18,479.3 1 1
quant-desktop/internal/binance/rest.go:480.2,492.21 5 0
quant-desktop/internal/binance/rest.go:492.21,494.3 1 0
quant-desktop/internal/binance/rest.go:494.8,496.3 1 0
quant-desktop/internal/binance/rest.go:497.2,498.16 2 0
quant-desktop/internal/binance/rest.go:498.16,501.3 2 0
quant-desktop/internal/binance/rest.go:503.2,509.8 2 0
quant-desktop/internal/binance/rest.go:516.153,517.18 1 1
quant-desktop/internal/binance/rest.go:517.18,519.3 1 1
quant-desktop/internal/binance/rest.go:521.2,521.58 1 0
quant-desktop/internal/binance/rest.go:521.58,523.3 1 0
quant-desktop/internal/binance/rest.go:525.2,526.16 2 0
quant-desktop/internal/binance/rest.go:526.16,528.3 1 0
quant-desktop/internal/binance/rest.go:529.2,530.20 2 0
quant-desktop/internal/binance/rest.go:538.87,539.18 1 1
quant-desktop/internal/binance/rest.go:539.18,541.3 1 1
quant-desktop/internal/binance/rest.go:542.2,546.16 2 0
quant-desktop/internal/binance/rest.go:546.16,548.3 1 0
quant-desktop/internal/binance/rest.go:550.2,550.12 1 0
quant-desktop/internal/binance/rest.go:558.104,559.18 1 1
quant-desktop/internal/binance/rest.go:559.18,561.3 1 1
quant-desktop/internal/binance/rest.go:562.2,566.16 2 0
quant-desktop/internal/binance/rest.go:566.16,568.3 1 0
quant-desktop/internal/binance/rest.go:570.2,581.8 1 0
quant-desktop/internal/binance/rest.go:594.98,595.18 1 1
quant-desktop/internal/binance/rest.go:595.18,597.3 1 1
quant-desktop/internal/binance/rest.go:598.2,602.16 2 0
quant-desktop/internal/binance/rest.go:602.16,604.3 1 0
quant-desktop/internal/binance/rest.go:606.2,607.27 2 0
quant-desktop/internal/binance/rest.go:607.27,609.3 1 0
quant-desktop/internal/binance/rest.go:610.2,610.19 1 0
quant-desktop/internal/binance/rest.go:616.69,617.18 1 1
quant-desktop/internal/binance/rest.go:617.18,619.3 1 1
quant-desktop/internal/binance/rest.go:620.2,621.16 2 0
quant-desktop/internal/binance/rest.go:621.16,623.3 1 0
quant-desktop/internal/binance/rest.go:624.2,624.34 1 0
quant-desktop/internal/binance/rest.go:632.72,633.18 1 1
quant-desktop/internal/binance/rest.go:633.18,635.3 1 1
quant-desktop/internal/binance/rest.go:636.2,636.94 1 0
quant-desktop/internal/binance/rest.go:636.94,638.3 1 0
quant-desktop/internal/binance/rest.go:639.2,639.12 1 0
quant-desktop/internal/binance/rest.go:647.61,649.16 2 1
quant-desktop/internal/binance/rest.go:649.16,651.3 1 0
quant-desktop/internal/binance/rest.go:652.2,652.10 1 1
quant-desktop/internal/binance/rest.go:652.10,654.3 1 1
quant-desktop/internal/binance/rest.go:655.2,655.37 1 0
quant-desktop/internal/binance/rest.go:665.86,666.18 1 1
quant-desktop/internal/binance/rest.go:666.18,668.3 1 1
quant-desktop/internal/binance/rest.go:669.2,669.112 1 0
quant-desktop/internal/binance/rest.go:669.112,671.3 1 0
quant-desktop/internal/binance/rest.go:672.2,672.12 1 0
quant-desktop/internal/binance/rest.go:681.89,685.10 4 1
quant-desktop/internal/binance/rest.go:685.10,687.3 1 1
quant-desktop/internal/binance/rest.go:688.2,688.61 1 1
quant-desktop/internal/binance/rest.go:688.61,690.3 1 0
quant-desktop/internal/binance/rest.go:691.2,694.12 4 1
quant-desktop/internal/binance/rest.go:704.93,705.18 1 1
quant-desktop/internal/binance/rest.go:705.18,707.3 1 1
quant-desktop/internal/binance/rest.go:708.2,712.16 2 0
quant-desktop/internal/binance/rest.go:712.16,714.45 1 0
quant-desktop/internal/binance/rest.go:714.45,716.4 1 0
quant-desktop/internal/binance/rest.go:717.3,717.87 1 0
quant-desktop/internal/binance/rest.go:719.2,719.12 1 0
quant-desktop/internal/binance/rest.go:728.96,732.10 4 1
quant-desktop/internal/binance/rest.go:732.10,734.3 1 1
quant-desktop/internal/binance/rest.go:735.2,735.65 1 1
quant-desktop/internal/binance/rest.go:735.65,737.3 1 0
quant-desktop/internal/binance/rest.go:738.2,741.12 4 1
quant-desktop/internal/binance/rest.go:748.89,749.18 1 1
quant-desktop/internal/binance/rest.go:749.18,751.3 1 1
quant-desktop/internal/binance/rest.go:752.2,753.18 2 0
quant-desktop/internal/binance/rest.go:753.18,755.3 1 0
quant-desktop/internal/binance/rest.go:757.2,758.16 2 0
quant-desktop/internal/binance/rest.go:758.16,760.3 1 0
quant-desktop/internal/binance/rest.go:762.2,763.31 2 0
quant-desktop/internal/binance/rest.go:763.31,776.3 1 0
quant-desktop/internal/binance/rest.go:777.2,777.20 1 0
quant-desktop/internal/binance/rest.go:781.39,785.2 3 0
quant-desktop/internal/binance/rest.go:791.82,792.18 1 1
quant-desktop/internal/binance/rest.go:792.18,794.3 1 1
quant-desktop/internal/binance/rest.go:795.2,798.32 4 0
quant-desktop/internal/binance/rest.go:798.32,800.17 2 0
quant-desktop/internal/binance/rest.go:800.17,801.9 1 0
quant-desktop/internal/binance/rest.go:803.3,803.46 1 0
quant-desktop/internal/binance/rest.go:803.46,805.4 1 0
quant-desktop/internal/binance/rest.go:806.3,807.47 2 0
quant-desktop/internal/binance/rest.go:811.2,811.29 1 0
quant-desktop/internal/binance/rest.go:811.29,812.24 1 0
quant-desktop/internal/binance/rest.go:812.24,822.4 4 0
quant-desktop/internal/binance/rest.go:825.2,825.31 1 0
quant-desktop/internal/binance/rest.go:833.98,834.18 1 0
quant-desktop/internal/binance/rest.go:834.18,836.3 1 0
quant-desktop/internal/binance/rest.go:837.2,838.18 2 0
quant-desktop/internal/binance/rest.go:838.18,840.3 1 0
quant-desktop/internal/binance/rest.go:841.2,842.16 2 0
quant-desktop/internal/binance/rest.go:842.16,844.3 1 0
quant-desktop/internal/binance/rest.go:845.2,846.26 2 0
quant-desktop/internal/binance/rest.go:846.26,848.15 2 0
quant-desktop/internal/binance/rest.go:848.15,849.12 1 0
quant-desktop/internal/binance/rest.go:851.3,862.5 2 0
quant-desktop/internal/binance/rest.go:864.2,864.20 1 0
quant-desktop/internal/binance/rest.go:869.49,870.46 1 0
quant-desktop/internal/binance/rest.go:870.46,872.3 1 0
quant-desktop/internal/binance/rest.go:873.2,873.14 1 0
quant-desktop/internal/binance/rest.go:880.75,881.18 1 0
quant-desktop/internal/binance/rest.go:881.18,883.3 1 0
quant-desktop/internal/binance/rest.go:884.2,887.16 2 0
quant-desktop/internal/binance/rest.go:887.16,890.3 2 0
quant-desktop/internal/binance/rest.go:891.2,892.12 2 0
quant-desktop/internal/binance/rest.go:899.92,900.18 1 0
quant-desktop/internal/binance/rest.go:900.18,902.3 1 0
quant-desktop/internal/binance/rest.go:903.2,906.16 2 0
quant-desktop/internal/binance/rest.go:906.16,909.3 2 0
quant-desktop/internal/binance/rest.go:913.2,914.25 2 0
quant-desktop/internal/binance/rest.go:915.43,916.31 1 0
quant-desktop/internal/binance/rest.go:917.43,918.31 1 0
quant-desktop/internal/binance/rest.go:919.42,920.30 1 0
quant-desktop/internal/binance/rest.go:923.2,935.8 1 0
quant-desktop/internal/binance/rest.go:942.93,943.18 1 0
quant-desktop/internal/binance/rest.go:943.18,945.3 1 0
quant-desktop/internal/binance/rest.go:946.2,947.18 2 0
quant-desktop/internal/binance/rest.go:947.18,949.3 1 0
quant-desktop/internal/binance/rest.go:950.2,951.16 2 0
quant-desktop/internal/binance/rest.go:951.16,954.3 2 0
quant-desktop/internal/binance/rest.go:956.2,957.25 2 0
quant-desktop/internal/binance/rest.go:957.25,970.3 1 0
quant-desktop/internal/binance/rest.go:971.2,971.20 1 0
quant-desktop/internal/binance/rest.go:975.37,979.2 3 0
quant-desktop/internal/binance/types.go:144.45,166.2 1 1
quant-desktop/internal/binance/ws.go:26.43,33.2 1 1
quant-desktop/internal/binance/ws.go:36.62,41.2 4 1
quant-desktop/internal/binance/ws.go:48.64,49.25 1 0
quant-desktop/internal/binance/ws.go:49.25,51.3 1 0
quant-desktop/internal/binance/ws.go:57.66,60.6 3 0
quant-desktop/internal/binance/ws.go:60.6,62.10 1 0
quant-desktop/internal/binance/ws.go:63.20,64.10 1 0
quant-desktop/internal/binance/ws.go:65.21,66.10 1 0
quant-desktop/internal/binance/ws.go:67.11,67.11 0 0
quant-desktop/internal/binance/ws.go:70.3,70.94 1 0
quant-desktop/internal/binance/ws.go:70.94,73.28 2 0
quant-desktop/internal/binance/ws.go:73.28,82.5 3 0
quant-desktop/internal/binance/ws.go:83.4,84.47 2 0
quant-desktop/internal/binance/ws.go:85.22,87.4 1 0
quant-desktop/internal/binance/ws.go:89.3,89.17 1 0
quant-desktop/internal/binance/ws.go:89.17,91.4 1 0
quant-desktop/internal/binance/ws.go:91.9,95.11 3 0
quant-desktop/internal/binance/ws.go:96.17,97.69 1 0
quant-desktop/internal/binance/ws.go:98.21,99.11 1 0
quant-desktop/internal/binance/ws.go:100.22,101.11 1 0
quant-desktop/internal/binance/ws.go:106.3,106.10 1 0
quant-desktop/internal/binance/ws.go:107.30,107.30 0 0
quant-desktop/internal/binance/ws.go:108.20,109.10 1 0
quant-desktop/internal/binance/ws.go:110.21,111.10 1 0
quant-desktop/internal/binance/ws.go:113.3,114.27 2 0
quant-desktop/internal/binance/ws.go:114.27,116.4 1 0
quant-desktop/internal/binance/ws.go:123.44,126.30 3 0
quant-desktop/internal/binance/ws.go:126.30,128.3 1 0
quant-desktop/internal/binance/ws.go:129.2,130.35 2 0
quant-desktop/internal/binance/ws.go:130.35,132.3 1 0
quant-desktop/internal/binance/ws.go:133.2,133.12 1 0
quant-desktop/internal/binance/ws.go:141.54,144.28 3 0
quant-desktop/internal/binance/ws.go:144.28,147.3 2 0
quant-desktop/internal/binance/ws.go:148.2,148.45 1 0
quant-desktop/internal/binance/ws.go:155.47,157.13 2 0
quant-desktop/internal/binance/ws.go:157.13,159.3 1 0
quant-desktop/internal/binance/ws.go:160.2,160.39 1 0
quant-desktop/internal/binance/ws.go:164.29,166.2 1 0
quant-desktop/internal/strategy/engine.go:55.140,70.2 2 1
quant-desktop/internal/strategy/engine.go:74.63,76.2 1 0
quant-desktop/internal/strategy/engine.go:79.53,80.22 1 0
quant-desktop/internal/strategy/engine.go:80.22,82.3 1 0
quant-desktop/internal/strategy/engine.go:86.45,88.15 2 1
quant-desktop/internal/strategy/engine.go:88.15,91.3 2 0
quant-desktop/internal/strategy/engine.go:92.2,99.23 5 1
quant-desktop/internal/strategy/engine.go:99.23,100.58 1 1
quant-desktop/internal/strategy/engine.go:100.58,102.4 1 0
quant-desktop/internal/strategy/engine.go:104.3,104.54 1 1
quant-desktop/internal/strategy/engine.go:108.2,108.55 1 1
quant-desktop/internal/strategy/engine.go:108.55,110.3 1 1
quant-desktop/internal/strategy/engine.go:114.2,114.54 1 1
quant-desktop/internal/strategy/engine.go:114.54,122.3 2 0
quant-desktop/internal/strategy/engine.go:125.2,139.6 5 1
quant-desktop/internal/strategy/engine.go:139.6,140.10 1 1
quant-desktop/internal/strategy/engine.go:141.19,142.18 1 0
quant-desktop/internal/strategy/engine.go:143.19,145.10 2 1
quant-desktop/internal/strategy/engine.go:146.21,147.10 1 0
quant-desktop/internal/strategy/engine.go:153.25,156.16 3 1
quant-desktop/internal/strategy/engine.go:156.16,158.3 1 0
quant-desktop/internal/strategy/engine.go:159.2,167.4 3 1
quant-desktop/internal/strategy/engine.go:171.35,175.2 3 1
quant-desktop/internal/strategy/engine.go:179.47,186.16 5 1
quant-desktop/internal/strategy/engine.go:186.16,190.3 3 1
quant-desktop/internal/strategy/engine.go:191.2,196.28 4 0
quant-desktop/internal/strategy/engine.go:196.28,197.52 1 0
quant-desktop/internal/strategy/engine.go:197.52,199.4 1 0
quant-desktop/internal/strategy/engine.go:199.9,199.29 1 0
quant-desktop/internal/strategy/engine.go:199.29,201.4 1 0
quant-desktop/internal/strategy/engine.go:205.2,206.28 2 0
quant-desktop/internal/strategy/engine.go:206.28,208.3 1 0
quant-desktop/internal/strategy/engine.go:209.2,209.38 1 0
quant-desktop/internal/strategy/engine.go:209.38,211.3 1 0
quant-desktop/internal/strategy/engine.go:214.2,227.23 7 0
quant-desktop/internal/strategy/engine.go:227.23,228.62 1 0
quant-desktop/internal/strategy/engine.go:228.62,230.4 1 0
quant-desktop/internal/strategy/engine.go:234.2,243.16 5 0
quant-desktop/internal/strategy/engine.go:243.16,247.3 3 0
quant-desktop/internal/strategy/engine.go:248.2,254.35 3 0
quant-desktop/internal/strategy/engine.go:265.78,270.72 2 1
quant-desktop/internal/strategy/engine.go:270.72,272.3 1 0
quant-desktop/internal/strategy/engine.go:274.2,275.36 2 1
quant-desktop/internal/strategy/engine.go:275.36,277.3 1 0
quant-desktop/internal/strategy/engine.go:278.2,278.21 1 1
quant-desktop/internal/strategy/engine.go:286.100,289.28 2 1
quant-desktop/internal/strategy/engine.go:289.28,291.26 2 1
quant-desktop/internal/strategy/engine.go:291.26,292.12 1 0
quant-desktop/internal/strategy/engine.go:296.3,297.13 2 1
quant-desktop/internal/strategy/engine.go:297.13,298.12 1 0
quant-desktop/internal/strategy/engine.go:300.3,303.35 2 1
quant-desktop/internal/strategy/engine.go:303.35,308.4 2 0
quant-desktop/internal/strategy/engine.go:311.2,311.52 1 1
quant-desktop/internal/strategy/engine.go:311.52,314.3 1 1
quant-desktop/internal/strategy/engine.go:320.67,321.26 1 1
quant-desktop/internal/strategy/engine.go:321.26,323.3 1 0
quant-desktop/internal/strategy/engine.go:324.2,326.16 3 1
quant-desktop/internal/strategy/engine.go:326.16,328.3 1 0
quant-desktop/internal/strategy/engine.go:329.2,329.29 1 1
quant-desktop/internal/strategy/engine.go:329.29,334.3 3 1
quant-desktop/internal/strategy/engine.go:344.159,345.26 1 1
quant-desktop/internal/strategy/engine.go:345.26,347.3 1 1
quant-desktop/internal/strategy/engine.go:350.2,351.34 2 1
quant-desktop/internal/strategy/engine.go:351.34,353.3 1 1
quant-desktop/internal/strategy/engine.go:356.2,357.16 2 1
quant-desktop/internal/strategy/engine.go:357.16,359.3 1 1
quant-desktop/internal/strategy/engine.go:362.2,369.31 3 1
quant-desktop/internal/strategy/engine.go:369.31,370.26 1 1
quant-desktop/internal/strategy/engine.go:370.26,371.9 1 1
quant-desktop/internal/strategy/engine.go:373.3,373.21 1 1
quant-desktop/internal/strategy/engine.go:373.21,374.12 1 1
quant-desktop/internal/strategy/engine.go:378.3,378.42 1 1
quant-desktop/internal/strategy/engine.go:378.42,379.12 1 0
quant-desktop/internal/strategy/engine.go:383.3,383.49 1 1
quant-desktop/internal/strategy/engine.go:383.49,385.45 2 1
quant-desktop/internal/strategy/engine.go:385.45,386.13 1 1
quant-desktop/internal/strategy/engine.go:389.4,389.32 1 1
quant-desktop/internal/strategy/engine.go:394.3,394.57 1 1
quant-desktop/internal/strategy/engine.go:394.57,395.49 1 0
quant-desktop/internal/strategy/engine.go:395.49,396.13 1 0
quant-desktop/internal/strategy/engine.go:398.4,398.34 1 0
quant-desktop/internal/strategy/engine.go:401.3,402.29 2 1
quant-desktop/internal/strategy/engine.go:402.29,403.12 1 0
quant-desktop/internal/strategy/engine.go:407.3,409.18 3 1
quant-desktop/internal/strategy/engine.go:409.18,411.12 2 0
quant-desktop/internal/strategy/engine.go:414.3,415.106 2 1
quant-desktop/internal/strategy/engine.go:418.2,418.21 1 1
quant-desktop/internal/strategy/engine.go:418.21,420.3 1 1
quant-desktop/internal/strategy/engine.go:423.2,429.29 2 1
quant-desktop/internal/strategy/engine.go:429.29,432.23 3 1
quant-desktop/internal/strategy/engine.go:432.23,434.17 2 1
quant-desktop/internal/strategy/engine.go:434.17,434.26 1 1
quant-desktop/internal/strategy/engine.go:436.4,437.18 2 1
quant-desktop/internal/strategy/engine.go:437.18,439.5 1 0
quant-desktop/internal/strategy/engine.go:440.4,442.15 3 1
quant-desktop/internal/strategy/engine.go:445.2,447.15 2 1
quant-desktop/internal/strategy/engine.go:456.130,458.77 1 1
quant-desktop/internal/strategy/engine.go:458.77,460.3 1 0
quant-desktop/internal/strategy/engine.go:463.2,463.81 1 1
quant-desktop/internal/strategy/engine.go:463.81,465.3 1 0
quant-desktop/internal/strategy/engine.go:468.2,469.21 2 1
quant-desktop/internal/strategy/engine.go:469.21,471.3 1 0
quant-desktop/internal/strategy/engine.go:471.8,473.3 1 1
quant-desktop/internal/strategy/engine.go:474.2,474.20 1 1
quant-desktop/internal/strategy/engine.go:474.20,491.45 5 0
quant-desktop/internal/strategy/engine.go:491.45,493.4 1 0
quant-desktop/internal/strategy/engine.go:494.3,494.22 1 0
quant-desktop/internal/strategy/engine.go:498.2,521.16 5 1
quant-desktop/internal/strategy/engine.go:521.16,524.3 2 0
quant-desktop/internal/strategy/engine.go:525.2,530.23 2 1
quant-desktop/internal/strategy/engine.go:530.23,531.69 1 1
quant-desktop/internal/strategy/engine.go:531.69,535.4 3 0
quant-desktop/internal/strategy/engine.go:538.2,550.17 3 1
quant-desktop/internal/strategy/engine.go:563.85,565.16 2 1
quant-desktop/internal/strategy/engine.go:565.16,568.3 2 0
quant-desktop/internal/strategy/engine.go:570.2,570.27 1 1
quant-desktop/internal/strategy/engine.go:570.27,573.24 3 1
quant-desktop/internal/strategy/engine.go:573.24,574.12 1 0
quant-desktop/internal/strategy/engine.go:577.3,577.26 1 1
quant-desktop/internal/strategy/engine.go:577.26,581.30 2 0
quant-desktop/internal/strategy/engine.go:581.30,583.13 2 0
quant-desktop/internal/strategy/engine.go:587.4,588.55 2 0
quant-desktop/internal/strategy/engine.go:588.55,604.13 8 0
quant-desktop/internal/strategy/engine.go:608.4,608.26 1 0
quant-desktop/internal/strategy/engine.go:608.26,609.61 1 0
quant-desktop/internal/strategy/engine.go:609.61,615.6 5 0
quant-desktop/internal/strategy/engine.go:617.5,617.38 1 0
quant-desktop/internal/strategy/engine.go:617.38,619.14 2 0
quant-desktop/internal/strategy/engine.go:622.9,626.30 2 1
quant-desktop/internal/strategy/engine.go:626.30,628.13 2 1
quant-desktop/internal/strategy/engine.go:632.4,633.55 2 1
quant-desktop/internal/strategy/engine.go:633.55,649.13 8 1
quant-desktop/internal/strategy/engine.go:653.4,653.26 1 1
quant-desktop/internal/strategy/engine.go:653.26,654.61 1 1
quant-desktop/internal/strategy/engine.go:654.61,660.6 5 0
quant-desktop/internal/strategy/engine.go:661.5,661.38 1 1
quant-desktop/internal/strategy/engine.go:661.38,663.14 2 1
quant-desktop/internal/strategy/engine.go:676.113,680.23 1 1
quant-desktop/internal/strategy/engine.go:680.23,682.3 1 1
quant-desktop/internal/strategy/engine.go:685.2,686.25 2 1
quant-desktop/internal/strategy/engine.go:686.25,688.3 1 0
quant-desktop/internal/strategy/engine.go:688.8,690.3 1 1
quant-desktop/internal/strategy/engine.go:691.2,691.21 1 1
quant-desktop/internal/strategy/engine.go:691.21,704.3 4 0
quant-desktop/internal/strategy/engine.go:707.2,709.25 3 1
quant-desktop/internal/strategy/engine.go:709.25,711.3 1 0
quant-desktop/internal/strategy/engine.go:711.8,713.3 1 1
quant-desktop/internal/strategy/engine.go:716.2,731.37 5 1
quant-desktop/internal/strategy/engine.go:740.74,742.16 2 0
quant-desktop/internal/strategy/engine.go:742.16,745.3 2 0
quant-desktop/internal/strategy/engine.go:747.2,747.31 1 0
quant-desktop/internal/strategy/engine.go:747.31,748.49 1 0
quant-desktop/internal/strategy/engine.go:748.49,749.12 1 0
quant-desktop/internal/strategy/engine.go:752.3,754.30 3 0
quant-desktop/internal/strategy/engine.go:754.30,755.26 1 0
quant-desktop/internal/strategy/engine.go:755.26,757.10 2 0
quant-desktop/internal/strategy/engine.go:760.3,760.21 1 0
quant-desktop/internal/strategy/engine.go:760.21,763.4 2 0
quant-desktop/internal/strategy/engine.go:766.3,768.17 3 0
quant-desktop/internal/strategy/engine.go:768.17,771.4 2 0
quant-desktop/internal/strategy/engine.go:772.3,793.17 6 0
quant-desktop/internal/strategy/engine.go:793.17,796.4 2 0
quant-desktop/internal/strategy/engine.go:797.3,800.24 2 0
quant-desktop/internal/strategy/engine.go:800.24,801.70 1 0
quant-desktop/internal/strategy/engine.go:801.70,804.5 2 0
quant-desktop/internal/strategy/engine.go:807.3,817.9 3 0
quant-desktop/internal/strategy/engine.go:819.2,819.86 1 0
quant-desktop/internal/strategy/engine.go:826.59,827.41 1 0
quant-desktop/internal/strategy/engine.go:827.41,829.3 1 0
quant-desktop/internal/strategy/engine.go:831.2,832.16 2 0
quant-desktop/internal/strategy/engine.go:832.16,835.3 2 0
quant-desktop/internal/strategy/engine.go:836.2,836.33 1 0
quant-desktop/internal/strategy/engine.go:836.33,838.3 1 0
quant-desktop/internal/strategy/engine.go:840.2,841.16 2 0
quant-desktop/internal/strategy/engine.go:841.16,843.3 1 0
quant-desktop/internal/strategy/engine.go:844.2,845.35 2 0
quant-desktop/internal/strategy/engine.go:845.35,847.3 1 0
quant-desktop/internal/strategy/engine.go:849.2,849.39 1 0
quant-desktop/internal/strategy/engine.go:849.39,850.26 1 0
quant-desktop/internal/strategy/engine.go:850.26,851.12 1 0
quant-desktop/internal/strategy/engine.go:853.3,853.26 1 0
quant-desktop/internal/strategy/engine.go:853.26,854.12 1 0
quant-desktop/internal/strategy/engine.go:856.3,857.40 2 0
quant-desktop/internal/strategy/engine.go:862.39,864.2 1 1
quant-desktop/internal/strategy/engine.go:867.44,869.2 1 0
quant-desktop/internal/strategy/engine.go:872.43,876.2 3 0
quant-desktop/internal/strategy/screener.go:34.103,37.28 2 1
quant-desktop/internal/strategy/screener.go:37.28,39.37 1 1
quant-desktop/internal/strategy/screener.go:39.37,40.12 1 1
quant-desktop/internal/strategy/screener.go:44.3,45.26 2 1
quant-desktop/internal/strategy/screener.go:45.26,47.4 1 1
quant-desktop/internal/strategy/screener.go:48.3,48.19 1 1
quant-desktop/internal/strategy/screener.go:48.19,49.12 1 1
quant-desktop/internal/strategy/screener.go:53.3,54.13 2 1
quant-desktop/internal/strategy/screener.go:54.13,55.12 1 1
quant-desktop/internal/strategy/screener.go:59.3,61.25 3 1
quant-desktop/internal/strategy/screener.go:61.25,64.4 2 1
quant-desktop/internal/strategy/screener.go:64.9,64.48 1 1
quant-desktop/internal/strategy/screener.go:64.48,67.4 2 1
quant-desktop/internal/strategy/screener.go:67.9,68.12 1 1
quant-desktop/internal/strategy/screener.go:72.3,72.50 1 1
quant-desktop/internal/strategy/screener.go:72.50,74.20 2 1
quant-desktop/internal/strategy/screener.go:74.20,75.13 1 1
quant-desktop/internal/strategy/screener.go:77.4,77.55 1 1
quant-desktop/internal/strategy/screener.go:77.55,78.13 1 1
quant-desktop/internal/strategy/screener.go:80.4,80.57 1 0
quant-desktop/internal/strategy/screener.go:80.57,81.13 1 0
quant-desktop/internal/strategy/screener.go:86.3,86.54 1 1
quant-desktop/internal/strategy/screener.go:86.54,89.19 2 0
quant-desktop/internal/strategy/screener.go:89.19,91.51 2 0
quant-desktop/internal/strategy/screener.go:91.51,92.14 1 0
quant-desktop/internal/strategy/screener.go:97.3,102.5 1 1
quant-desktop/internal/strategy/screener.go:106.2,106.45 1 1
quant-desktop/internal/strategy/screener.go:106.45,108.3 1 1
quant-desktop/internal/strategy/screener.go:111.2,111.40 1 1
quant-desktop/internal/strategy/screener.go:111.40,113.3 1 1
quant-desktop/internal/strategy/screener.go:115.2,115.19 1 1
quant-desktop/internal/strategy/sliding_window.go:34.64,38.17 2 1
quant-desktop/internal/strategy/sliding_window.go:38.17,40.3 1 0
quant-desktop/internal/strategy/sliding_window.go:41.2,45.3 1 1
quant-desktop/internal/strategy/sliding_window.go:52.69,53.16 1 1
quant-desktop/internal/strategy/sliding_window.go:53.16,55.3 1 1
quant-desktop/internal/strategy/sliding_window.go:56.2,63.51 5 1
quant-desktop/internal/strategy/sliding_window.go:63.51,65.3 1 1
quant-desktop/internal/strategy/sliding_window.go:66.2,66.13 1 1
quant-desktop/internal/strategy/sliding_window.go:66.13,68.3 1 1
quant-desktop/internal/strategy/sliding_window.go:69.2,69.27 1 1
quant-desktop/internal/strategy/sliding_window.go:77.89,86.62 7 1
quant-desktop/internal/strategy/sliding_window.go:86.62,88.3 1 0
quant-desktop/internal/strategy/sliding_window.go:89.2,89.15 1 1
quant-desktop/internal/strategy/sliding_window.go:89.15,91.3 1 0
quant-desktop/internal/strategy/sliding_window.go:92.2,92.27 1 1
quant-desktop/internal/strategy/sliding_window.go:100.96,104.31 3 1
quant-desktop/internal/strategy/sliding_window.go:104.31,106.3 1 1
quant-desktop/internal/strategy/sliding_window.go:107.2,107.81 1 1
quant-desktop/internal/strategy/sliding_window.go:114.90,119.9 4 1
quant-desktop/internal/strategy/sliding_window.go:119.9,121.3 1 1
quant-desktop/internal/strategy/sliding_window.go:122.2,122.23 1 1
quant-desktop/internal/strategy/sliding_window.go:134.84,136.22 2 1
quant-desktop/internal/strategy/sliding_window.go:136.22,138.3 1 0
quant-desktop/internal/strategy/sliding_window.go:140.2,142.51 2 1
quant-desktop/internal/strategy/sliding_window.go:142.51,144.3 1 1
quant-desktop/internal/strategy/sliding_window.go:146.2,147.9 2 1
quant-desktop/internal/strategy/sliding_window.go:148.16,150.19 1 1
quant-desktop/internal/strategy/sliding_window.go:151.26,153.31 1 0
quant-desktop/internal/strategy/sliding_window.go:154.10,156.83 1 1
quant-desktop/internal/strategy/sliding_window.go:156.83,158.4 1 1
quant-desktop/internal/strategy/sliding_window.go:158.9,160.4 1 0
quant-desktop/internal/strategy/sliding_window.go:164.2,164.48 1 1
quant-desktop/internal/strategy/sliding_window.go:164.48,166.3 1 1
quant-desktop/internal/strategy/sliding_window.go:169.2,170.29 2 1
quant-desktop/internal/strategy/sliding_window.go:170.29,173.3 1 1
quant-desktop/internal/strategy/sliding_window.go:174.2,174.21 1 1
quant-desktop/internal/strategy/sliding_window.go:182.72,187.9 4 1
quant-desktop/internal/strategy/sliding_window.go:187.9,189.3 1 1
quant-desktop/internal/strategy/sliding_window.go:190.2,190.27 1 1
quant-desktop/internal/strategy/sliding_window.go:198.100,200.42 2 1
quant-desktop/internal/strategy/sliding_window.go:200.42,202.3 1 1
quant-desktop/internal/strategy/sliding_window.go:203.2,203.52 1 1
quant-desktop/internal/strategy/sliding_window.go:214.106,219.38 4 1
quant-desktop/internal/strategy/sliding_window.go:219.38,221.3 1 1
quant-desktop/internal/strategy/sliding_window.go:223.2,224.27 2 1
quant-desktop/internal/strategy/sliding_window.go:224.27,226.41 1 1
quant-desktop/internal/strategy/sliding_window.go:226.41,227.12 1 1
quant-desktop/internal/strategy/sliding_window.go:229.3,230.31 2 1
quant-desktop/internal/strategy/sliding_window.go:230.31,233.4 2 1
quant-desktop/internal/strategy/sliding_window.go:235.2,235.23 1 1
quant-desktop/internal/strategy/sliding_window.go:247.114,252.38 4 1
quant-desktop/internal/strategy/sliding_window.go:252.38,254.3 1 1
quant-desktop/internal/strategy/sliding_window.go:257.2,260.27 4 1
quant-desktop/internal/strategy/sliding_window.go:260.27,261.28 1 1
quant-desktop/internal/strategy/sliding_window.go:261.28,264.4 2 1
quant-desktop/internal/strategy/sliding_window.go:264.9,265.9 1 1
quant-desktop/internal/strategy/sliding_window.go:268.2,268.12 1 1
quant-desktop/internal/strategy/sliding_window.go:268.12,270.3 1 1
quant-desktop/internal/strategy/sliding_window.go:271.2,271.21 1 1
quant-desktop/internal/strategy/sliding_window.go:271.21,273.3 1 0
quant-desktop/internal/strategy/sliding_window.go:274.2,274.56 1 1
quant-desktop/internal/strategy/sliding_window.go:286.110,291.21 4 1
quant-desktop/internal/strategy/sliding_window.go:291.21,293.3 1 1
quant-desktop/internal/strategy/sliding_window.go:295.2,301.27 5 1
quant-desktop/internal/strategy/sliding_window.go:301.27,302.55 1 1
quant-desktop/internal/strategy/sliding_window.go:302.55,305.4 2 1
quant-desktop/internal/strategy/sliding_window.go:306.3,306.25 1 1
quant-desktop/internal/strategy/sliding_window.go:306.25,309.4 2 1
quant-desktop/internal/strategy/sliding_window.go:311.2,311.42 1 1
quant-desktop/internal/strategy/sliding_window.go:311.42,313.3 1 0
quant-desktop/internal/strategy/sliding_window.go:314.2,315.37 2 1
quant-desktop/internal/strategy/sliding_window.go:315.37,317.3 1 0
quant-desktop/internal/strategy/sliding_window.go:318.2,323.27 4 1
quant-desktop/internal/strategy/sliding_window.go:323.27,324.53 1 1
quant-desktop/internal/strategy/sliding_window.go:324.53,327.4 2 1
quant-desktop/internal/strategy/sliding_window.go:328.3,328.34 1 1
quant-desktop/internal/strategy/sliding_window.go:328.34,331.4 2 1
quant-desktop/internal/strategy/sliding_window.go:333.2,333.40 1 1
quant-desktop/internal/strategy/sliding_window.go:333.40,335.3 1 0
quant-desktop/internal/strategy/sliding_window.go:336.2,337.35 2 1
quant-desktop/internal/strategy/sliding_window.go:337.35,339.3 1 0
quant-desktop/internal/strategy/sliding_window.go:340.2,342.37 2 1
quant-desktop/internal/strategy/sliding_window.go:348.40,350.17 2 1
quant-desktop/internal/strategy/sliding_window.go:350.17,352.3 1 1
quant-desktop/internal/strategy/sliding_window.go:353.2,355.26 3 1
quant-desktop/internal/strategy/sliding_window.go:355.26,357.3 1 1
quant-desktop/internal/strategy/sliding_window.go:358.2,358.14 1 1
quant-desktop/internal/strategy/sliding_window.go:359.11,360.18 1 1
quant-desktop/internal/strategy/sliding_window.go:361.11,362.23 1 1
quant-desktop/internal/strategy/sliding_window.go:363.11,364.28 1 1
quant-desktop/internal/strategy/sliding_window.go:365.11,366.33 1 0
quant-desktop/internal/strategy/sliding_window.go:367.10,368.19 1 0
quant-desktop/internal/strategy/sliding_window.go:375.27,376.11 1 1
quant-desktop/internal/strategy/sliding_window.go:376.11,378.3 1 1
quant-desktop/internal/strategy/sliding_window.go:379.2,379.10 1 1
